java.exe : java 
version "17.0.12" 
2024-07-16 LTS
At line:1 char:1
+ & 'C:\Program Files\
Java\jdk-17\bin\java.e
xe' -version > 
test.log 2>& ...
+ ~~~~~~~~~~~~~~~~~~~~
~~~~~~~~~~~~~~~~~~~~~~
~~~~~~~~~~~~~~~~~~~~~~
~~~~~
    + CategoryInfo    
          : NotSpeci  
  fied: (java versi   
 on "17.0.12" 2024    
-07-16 LTS:String    
) [], RemoteExcep    
tion
    + FullyQualifiedE 
   rrorId : NativeCo  
  mmandError
 
Java(TM) SE Runtime 
Environment (build 
17.0.12+8-LTS-286)
Java HotSpot(TM) 
64-Bit Server VM 
(build 
17.0.12+8-LTS-286, 
mixed mode, sharing)
